port 1313 already in use, attempting to use an available port
Start building sites … 
hugo v0.92.2-CDF6A0D6+extended darwin/arm64 BuildDate=2022-02-11T14:17:39Z VendorInfo=gohugoio
ERROR 2026/02/07 21:59:32 Page.URL is deprecated and will be removed in Hugo 0.93.0. Use .Permalink or .RelPermalink. If what you want is the front matter URL value, use .Params.url
WARN 2026/02/07 21:59:32 found no layout file for "HTML" for kind "taxonomy": You should create a template file which matches Hugo Layouts Lookup Rules for this combination.
WARN 2026/02/07 21:59:32 found no layout file for "HTML" for kind "term": You should create a template file which matches Hugo Layouts Lookup Rules for this combination.
WARN 2026/02/07 21:59:32 found no layout file for "HTML" for kind "taxonomy": You should create a template file which matches Hugo Layouts Lookup Rules for this combination.
WARN 2026/02/07 21:59:32 found no layout file for "HTML" for kind "term": You should create a template file which matches Hugo Layouts Lookup Rules for this combination.
WARN 2026/02/07 21:59:32 found no layout file for "HTML" for kind "term": You should create a template file which matches Hugo Layouts Lookup Rules for this combination.
WARN 2026/02/07 21:59:32 found no layout file for "HTML" for kind "taxonomy": You should create a template file which matches Hugo Layouts Lookup Rules for this combination.
WARN 2026/02/07 21:59:32 found no layout file for "HTML" for kind "term": You should create a template file which matches Hugo Layouts Lookup Rules for this combination.
WARN 2026/02/07 21:59:32 found no layout file for "HTML" for kind "term": You should create a template file which matches Hugo Layouts Lookup Rules for this combination.
WARN 2026/02/07 21:59:32 found no layout file for "HTML" for kind "taxonomy": You should create a template file which matches Hugo Layouts Lookup Rules for this combination.
WARN 2026/02/07 21:59:32 found no layout file for "HTML" for kind "term": You should create a template file which matches Hugo Layouts Lookup Rules for this combination.

                   | JA  | EN   
-------------------+-----+------
  Pages            | 131 |  94  
  Paginator pages  |   0 |   0  
  Non-page files   |   0 |   0  
  Static files     | 883 | 883  
  Processed images |   0 |   0  
  Aliases          |   1 |   0  
  Sitemaps         |   2 |   1  
  Cleaned          |   0 |   0  

Built in 429 ms
Watching for changes in /Users/yousuke/DFGC/landing-page/{archetypes,assets,content,data,layouts,package.json,static}
Watching for config changes in /Users/yousuke/DFGC/landing-page/config.toml
Environment: "development"
Serving pages from memory
Running in Fast Render Mode. For full rebuilds on change: hugo server --disableFastRender
Web Server is available at //localhost:55261/ (bind address 127.0.0.1)
Press Ctrl+C to stop

Change detected, rebuilding site.
2026-02-07 22:00:40.996 +0900
ERROR 2026/02/07 22:00:41 Page.URL is deprecated and will be removed in Hugo 0.93.0. Use .Permalink or .RelPermalink. If what you want is the front matter URL value, use .Params.url
Total in 180 ms

Change detected, rebuilding site.
2026-02-07 22:00:53.103 +0900
ERROR 2026/02/07 22:00:53 Page.URL is deprecated and will be removed in Hugo 0.93.0. Use .Permalink or .RelPermalink. If what you want is the front matter URL value, use .Params.url
Total in 53 ms

Change detected, rebuilding site.
2026-02-07 22:00:55.134 +0900
ERROR 2026/02/07 22:00:55 Page.URL is deprecated and will be removed in Hugo 0.93.0. Use .Permalink or .RelPermalink. If what you want is the front matter URL value, use .Params.url
Total in 46 ms

Change detected, rebuilding site.
2026-02-07 22:01:21.072 +0900
ERROR 2026/02/07 22:01:21 Page.URL is deprecated and will be removed in Hugo 0.93.0. Use .Permalink or .RelPermalink. If what you want is the front matter URL value, use .Params.url
Total in 60 ms

Change detected, rebuilding site.
2026-02-07 22:01:23.056 +0900
ERROR 2026/02/07 22:01:23 Page.URL is deprecated and will be removed in Hugo 0.93.0. Use .Permalink or .RelPermalink. If what you want is the front matter URL value, use .Params.url
Total in 47 ms

Change detected, rebuilding site.
2026-02-07 22:01:40.659 +0900
ERROR 2026/02/07 22:01:40 Page.URL is deprecated and will be removed in Hugo 0.93.0. Use .Permalink or .RelPermalink. If what you want is the front matter URL value, use .Params.url
ERROR 2026/02/07 22:01:40 Rebuild failed:

ERROR 2026/02/07 22:01:40 TOCSS: failed to transform " assets/css/main.css" (text/x-scss): SCSS processing failed: file "/Users/yousuke/DFGC/landing-page/assets/sass/imports/_sections.scss", line 737, col 3: Invalid CSS after "  }": expected "}", was "" 
Total in 92 ms

Change detected, rebuilding site.
2026-02-07 22:01:41.630 +0900
ERROR 2026/02/07 22:01:41 Page.URL is deprecated and will be removed in Hugo 0.93.0. Use .Permalink or .RelPermalink. If what you want is the front matter URL value, use .Params.url
ERROR 2026/02/07 22:01:41 Rebuild failed:

ERROR 2026/02/07 22:01:41 TOCSS: failed to transform " assets/css/main.css" (text/x-scss): SCSS processing failed: file "/Users/yousuke/DFGC/landing-page/assets/sass/imports/_sections.scss", line 737, col 3: Invalid CSS after "  }": expected "}", was "" 
Total in 43 ms

Change detected, rebuilding site.
2026-02-07 22:03:13.283 +0900
ERROR 2026/02/07 22:03:13 Page.URL is deprecated and will be removed in Hugo 0.93.0. Use .Permalink or .RelPermalink. If what you want is the front matter URL value, use .Params.url
Total in 65 ms
