port 1313 already in use, attempting to use an available port
Start building sites … 
hugo v0.92.2-CDF6A0D6+extended darwin/arm64 BuildDate=2022-02-11T14:17:39Z VendorInfo=gohugoio
ERROR 2026/02/07 21:26:46 Page.URL is deprecated and will be removed in Hugo 0.93.0. Use .Permalink or .RelPermalink. If what you want is the front matter URL value, use .Params.url
WARN 2026/02/07 21:26:46 found no layout file for "HTML" for kind "term": You should create a template file which matches Hugo Layouts Lookup Rules for this combination.
WARN 2026/02/07 21:26:46 found no layout file for "HTML" for kind "term": You should create a template file which matches Hugo Layouts Lookup Rules for this combination.
WARN 2026/02/07 21:26:46 found no layout file for "HTML" for kind "term": You should create a template file which matches Hugo Layouts Lookup Rules for this combination.
WARN 2026/02/07 21:26:46 found no layout file for "HTML" for kind "taxonomy": You should create a template file which matches Hugo Layouts Lookup Rules for this combination.
WARN 2026/02/07 21:26:46 found no layout file for "HTML" for kind "taxonomy": You should create a template file which matches Hugo Layouts Lookup Rules for this combination.
WARN 2026/02/07 21:26:46 found no layout file for "HTML" for kind "term": You should create a template file which matches Hugo Layouts Lookup Rules for this combination.
WARN 2026/02/07 21:26:46 found no layout file for "HTML" for kind "term": You should create a template file which matches Hugo Layouts Lookup Rules for this combination.
WARN 2026/02/07 21:26:46 found no layout file for "HTML" for kind "term": You should create a template file which matches Hugo Layouts Lookup Rules for this combination.
WARN 2026/02/07 21:26:46 found no layout file for "HTML" for kind "taxonomy": You should create a template file which matches Hugo Layouts Lookup Rules for this combination.
WARN 2026/02/07 21:26:46 found no layout file for "HTML" for kind "taxonomy": You should create a template file which matches Hugo Layouts Lookup Rules for this combination.

                   | JA  | EN   
-------------------+-----+------
  Pages            | 131 |  94  
  Paginator pages  |   0 |   0  
  Non-page files   |   0 |   0  
  Static files     | 883 | 883  
  Processed images |   0 |   0  
  Aliases          |   1 |   0  
  Sitemaps         |   2 |   1  
  Cleaned          |   0 |   0  

Built in 440 ms
Watching for changes in /Users/yousuke/DFGC/landing-page/{archetypes,assets,content,data,layouts,package.json,static}
Watching for config changes in /Users/yousuke/DFGC/landing-page/config.toml
Environment: "development"
Serving pages from memory
Running in Fast Render Mode. For full rebuilds on change: hugo server --disableFastRender
Web Server is available at //localhost:50729/ (bind address 127.0.0.1)
Press Ctrl+C to stop

Change detected, rebuilding site.
2026-02-07 21:28:19.195 +0900
Template changed "/Users/yousuke/DFGC/landing-page/layouts/_default/baseof.html": WRITE
ERROR 2026/02/07 21:28:19 Page.URL is deprecated and will be removed in Hugo 0.93.0. Use .Permalink or .RelPermalink. If what you want is the front matter URL value, use .Params.url
Total in 61 ms

Change detected, rebuilding site.
2026-02-07 21:29:36.192 +0900
Template changed "/Users/yousuke/DFGC/landing-page/layouts/_default/baseof.html": WRITE
ERROR 2026/02/07 21:29:36 Page.URL is deprecated and will be removed in Hugo 0.93.0. Use .Permalink or .RelPermalink. If what you want is the front matter URL value, use .Params.url
Total in 51 ms

Change detected, rebuilding site.
2026-02-07 21:29:38.191 +0900
Template changed "/Users/yousuke/DFGC/landing-page/layouts/_default/baseof.html": WRITE
ERROR 2026/02/07 21:29:38 Page.URL is deprecated and will be removed in Hugo 0.93.0. Use .Permalink or .RelPermalink. If what you want is the front matter URL value, use .Params.url
Total in 44 ms

Change detected, rebuilding site.
2026-02-07 21:32:04.194 +0900
Template changed "/Users/yousuke/DFGC/landing-page/layouts/_default/baseof.html": CREATE
ERROR 2026/02/07 21:32:04 Page.URL is deprecated and will be removed in Hugo 0.93.0. Use .Permalink or .RelPermalink. If what you want is the front matter URL value, use .Params.url
Total in 88 ms

Change detected, rebuilding site.
2026-02-07 21:32:06.733 +0900
Template changed "/Users/yousuke/DFGC/landing-page/layouts/_default/baseof.html": CREATE
ERROR 2026/02/07 21:32:06 Page.URL is deprecated and will be removed in Hugo 0.93.0. Use .Permalink or .RelPermalink. If what you want is the front matter URL value, use .Params.url
Total in 135 ms

Change detected, rebuilding site.
2026-02-07 21:38:39.718 +0900
Template changed "/Users/yousuke/DFGC/landing-page/layouts/partials/section_hero.html": WRITE
ERROR 2026/02/07 21:38:39 Page.URL is deprecated and will be removed in Hugo 0.93.0. Use .Permalink or .RelPermalink. If what you want is the front matter URL value, use .Params.url
Total in 171 ms

Change detected, rebuilding site.
2026-02-07 21:46:28.245 +0900
Template changed "/Users/yousuke/DFGC/landing-page/layouts/_default/baseof.html": WRITE
ERROR 2026/02/07 21:46:28 Page.URL is deprecated and will be removed in Hugo 0.93.0. Use .Permalink or .RelPermalink. If what you want is the front matter URL value, use .Params.url
Total in 89 ms

Change detected, rebuilding site.
2026-02-07 21:46:30.207 +0900
Template changed "/Users/yousuke/DFGC/landing-page/layouts/partials/section_hero.html": WRITE
ERROR 2026/02/07 21:46:30 Page.URL is deprecated and will be removed in Hugo 0.93.0. Use .Permalink or .RelPermalink. If what you want is the front matter URL value, use .Params.url
Total in 81 ms

Change detected, rebuilding site.
2026-02-07 21:46:52.707 +0900
ERROR 2026/02/07 21:46:52 Page.URL is deprecated and will be removed in Hugo 0.93.0. Use .Permalink or .RelPermalink. If what you want is the front matter URL value, use .Params.url
Total in 47 ms

Change detected, rebuilding site.
2026-02-07 21:49:02.713 +0900
ERROR 2026/02/07 21:49:02 Page.URL is deprecated and will be removed in Hugo 0.93.0. Use .Permalink or .RelPermalink. If what you want is the front matter URL value, use .Params.url
Total in 83 ms

Change detected, rebuilding site.
2026-02-07 21:49:07.209 +0900
Template changed "/Users/yousuke/DFGC/landing-page/layouts/_default/baseof.html": CREATE
ERROR 2026/02/07 21:49:07 Page.URL is deprecated and will be removed in Hugo 0.93.0. Use .Permalink or .RelPermalink. If what you want is the front matter URL value, use .Params.url
Total in 135 ms

Change detected, rebuilding site.
2026-02-07 22:00:41.481 +0900
ERROR 2026/02/07 22:00:41 Page.URL is deprecated and will be removed in Hugo 0.93.0. Use .Permalink or .RelPermalink. If what you want is the front matter URL value, use .Params.url
Total in 89 ms

Change detected, rebuilding site.
2026-02-07 22:00:52.718 +0900
ERROR 2026/02/07 22:00:52 Page.URL is deprecated and will be removed in Hugo 0.93.0. Use .Permalink or .RelPermalink. If what you want is the front matter URL value, use .Params.url
Total in 51 ms

Change detected, rebuilding site.
2026-02-07 22:00:55.429 +0900
ERROR 2026/02/07 22:00:55 Page.URL is deprecated and will be removed in Hugo 0.93.0. Use .Permalink or .RelPermalink. If what you want is the front matter URL value, use .Params.url
Total in 55 ms

Change detected, rebuilding site.
2026-02-07 22:01:21.397 +0900
ERROR 2026/02/07 22:01:21 Page.URL is deprecated and will be removed in Hugo 0.93.0. Use .Permalink or .RelPermalink. If what you want is the front matter URL value, use .Params.url
Total in 53 ms

Change detected, rebuilding site.
2026-02-07 22:01:23.337 +0900
ERROR 2026/02/07 22:01:23 Page.URL is deprecated and will be removed in Hugo 0.93.0. Use .Permalink or .RelPermalink. If what you want is the front matter URL value, use .Params.url
Total in 66 ms

Change detected, rebuilding site.
2026-02-07 22:01:39.769 +0900
ERROR 2026/02/07 22:01:39 Page.URL is deprecated and will be removed in Hugo 0.93.0. Use .Permalink or .RelPermalink. If what you want is the front matter URL value, use .Params.url
ERROR 2026/02/07 22:01:39 Rebuild failed:

ERROR 2026/02/07 22:01:39 TOCSS: failed to transform " assets/css/main.css" (text/x-scss): SCSS processing failed: file "/Users/yousuke/DFGC/landing-page/assets/sass/imports/_sections.scss", line 737, col 3: Invalid CSS after "  }": expected "}", was "" 
Total in 70 ms

Change detected, rebuilding site.
2026-02-07 22:01:41.590 +0900
ERROR 2026/02/07 22:01:41 Page.URL is deprecated and will be removed in Hugo 0.93.0. Use .Permalink or .RelPermalink. If what you want is the front matter URL value, use .Params.url
ERROR 2026/02/07 22:01:41 Rebuild failed:

ERROR 2026/02/07 22:01:41 TOCSS: failed to transform " assets/css/main.css" (text/x-scss): SCSS processing failed: file "/Users/yousuke/DFGC/landing-page/assets/sass/imports/_sections.scss", line 737, col 3: Invalid CSS after "  }": expected "}", was "" 
Total in 38 ms

Change detected, rebuilding site.
2026-02-07 22:03:14.461 +0900
ERROR 2026/02/07 22:03:14 Page.URL is deprecated and will be removed in Hugo 0.93.0. Use .Permalink or .RelPermalink. If what you want is the front matter URL value, use .Params.url
Total in 136 ms
